Archive member included because of file (symbol)

c:/program files/microchip/mplab c32 suite/bin/../lib/gcc/pic32mx/4.5.1/../../../../pic32mx/lib\libc.a(general-exception.o)
                              c:/program files/microchip/mplab c32 suite/bin/../lib/gcc/pic32mx/4.5.1/../../../../pic32mx/lib/crt0.o (_general_exception_context)
c:/program files/microchip/mplab c32 suite/bin/../lib/gcc/pic32mx/4.5.1/../../../../pic32mx/lib\libc.a(default-general-exception-handler.o)
                              c:/program files/microchip/mplab c32 suite/bin/../lib/gcc/pic32mx/4.5.1/../../../../pic32mx/lib\libc.a(general-exception.o) (_general_exception_handler)
c:/program files/microchip/mplab c32 suite/bin/../lib/gcc/pic32mx/4.5.1/../../../../pic32mx/lib\libc.a(default-bootstrap-exception-handler.o)
                              c:/program files/microchip/mplab c32 suite/bin/../lib/gcc/pic32mx/4.5.1/../../../../pic32mx/lib/crt0.o (_bootstrap_exception_handler)
c:/program files/microchip/mplab c32 suite/bin/../lib/gcc/pic32mx/4.5.1/../../../../pic32mx/lib\libc.a(default-on-reset.o)
                              c:/program files/microchip/mplab c32 suite/bin/../lib/gcc/pic32mx/4.5.1/../../../../pic32mx/lib/crt0.o (_on_reset)
c:/program files/microchip/mplab c32 suite/bin/../lib/gcc/pic32mx/4.5.1/../../../../pic32mx/lib\libc.a(default-on-bootstrap.o)
                              c:/program files/microchip/mplab c32 suite/bin/../lib/gcc/pic32mx/4.5.1/../../../../pic32mx/lib/crt0.o (_on_bootstrap)
c:/program files/microchip/mplab c32 suite/bin/../lib/gcc/pic32mx/4.5.1/../../../../pic32mx/lib\libc.a(default-nmi-handler.o)
                              c:/program files/microchip/mplab c32 suite/bin/../lib/gcc/pic32mx/4.5.1/../../../../pic32mx/lib/crt0.o (_nmi_handler)
c:/program files/microchip/mplab c32 suite/bin/../lib/gcc/pic32mx/4.5.1/../../../../pic32mx/lib\libm.a(fparc32.o)
                              build/default/debug/mpu6050.o (atanf)
c:/program files/microchip/mplab c32 suite/bin/../lib/gcc/pic32mx/4.5.1/../../../../pic32mx/lib\libm.a(fpsqrt32.o)
                              c:/program files/microchip/mplab c32 suite/bin/../lib/gcc/pic32mx/4.5.1/../../../../pic32mx/lib\libm.a(fparc32.o) (fpexsqrt)
c:/program files/microchip/mplab c32 suite/bin/../lib/gcc/pic32mx/4.5.1/../../../../pic32mx/lib\libm.a(w_sqrtf.o)
                              build/default/debug/mpu6050.o (sqrtf)
c:/program files/microchip/mplab c32 suite/bin/../lib/gcc/pic32mx/4.5.1/../../../../pic32mx/lib\libm.a(fp32.o)
                              build/default/debug/mpu6050.o (fpadd)
c:/program files/microchip/mplab c32 suite/bin/../lib/gcc/pic32mx/4.5.1/../../../../pic32mx/lib\libm.a(s_lib_ver.o)
                              c:/program files/microchip/mplab c32 suite/bin/../lib/gcc/pic32mx/4.5.1/../../../../pic32mx/lib\libm.a(w_sqrtf.o) (math_errhandling)
c:/program files/microchip/mplab c32 suite/bin/../lib/gcc/pic32mx/4.5.1/../../../../pic32mx/lib\libmchp_peripheral.a(read_core_timer_lib.o)
                              build/default/debug/chuong trinh chinh.o (ReadCoreTimer)
c:/program files/microchip/mplab c32 suite/bin/../lib/gcc/pic32mx/4.5.1/../../../../pic32mx/lib\libc.a(errno.o)
                              c:/program files/microchip/mplab c32 suite/bin/../lib/gcc/pic32mx/4.5.1/../../../../pic32mx/lib\libm.a(w_sqrtf.o) (errno)

Allocating common symbols
Common symbol       size              file

rtemp_MPU           0x2               build/default/debug/mpu6050.o

Microchip PIC32 Memory-Usage Report

kseg0 Program-Memory Usage
section                    address  length [bytes]      (dec)  Description
-------                 ----------  -------------------------  -----------
.text                   0x9d000008         0x299c       10652  App's exec code 
.dinit                  0x9d0029a4          0x170         368   
.text                   0x9d002b14          0x1b4         436  App's exec code 
.text.general_exception 0x9d002cc8           0xd0         208   
.text.sqrtf             0x9d002d98           0x4c          76   
.text                   0x9d002de4           0x28          40  App's exec code 
.text._general_exceptio 0x9d002e0c            0xc          12   
.text._bootstrap_except 0x9d002e18            0xc          12   
.rodata                 0x9d002e24            0x8           8  Read-only const 
.text._on_reset         0x9d002e2c            0x8           8   
.text._on_bootstrap     0x9d002e34            0x8           8   
.text.ReadCoreTimer     0x9d002e3c            0x8           8   
      Total kseg0_program_mem used  :      0x2e3c       11836  2.3% of 0x80000

kseg0 Boot-Memory Usage
section                    address  length [bytes]      (dec)  Description
-------                 ----------  -------------------------  -----------
         Total kseg0_boot_mem used  :           0           0  <1% of 0x970

Exception-Memory Usage 
section                    address  length [bytes]      (dec)  Description
-------                 ----------  -------------------------  -----------
.app_excpt              0x9fc01180           0x10          16  General-Exception 
          Total exception_mem used  :        0x10          16  0.4% of 0x1000

kseg1 Boot-Memory Usage
section                    address  length [bytes]      (dec)  Description
-------                 ----------  -------------------------  -----------
.reset                  0xbfc00000          0x1f4         500  Reset handler 
.bev_excpt              0xbfc00380           0x10          16  BEV-Exception 
         Total kseg1_boot_mem used  :       0x204         516  44.2% of 0x490
        --------------------------------------------------------------------------
         Total Program Memory used  :      0x3050       12368  2.3% of 0x81e00
        --------------------------------------------------------------------------


kseg1 Data-Memory Usage
section                    address  length [bytes]      (dec)  Description
-------                 ----------  -------------------------  -----------
.sdata                  0xa0000200           0x2c          44  Small init data 
.sbss                   0xa000022c           0xca         202  Small uninit data 
.bss                    0xa00002f6            0x2           2  Uninitialized data 
.data                   0xa00002f8          0x100         256  Initialized data 
.data.math_errhandling_ 0xa00003f8            0x4           4   
         Total kseg1_data_mem used  :       0x1fc         508  0.4% of 0x20000
        --------------------------------------------------------------------------
            Total Data Memory used  :       0x1fc         508  0.4% of 0x20000
        --------------------------------------------------------------------------


Dynamic Data-Memory Reservation
section                    address  length [bytes]      (dec)  Description
-------                 ----------  -------------------------  -----------
heap                    0xa0000400              0           0  Reserved for heap 
stack                   0xa0000418        0x1fbd8      130008  Reserved for stack 

        --------------------------------------------------------------------------

Discarded input sections

 .reginfo       0x00000000       0x18 c:/program files/microchip/mplab c32 suite/bin/../lib/gcc/pic32mx/4.5.1/../../../../pic32mx/lib/crt0.o
 .pdr           0x00000000       0xa0 c:/program files/microchip/mplab c32 suite/bin/../lib/gcc/pic32mx/4.5.1/../../../../pic32mx/lib/crt0.o
 .reginfo       0x00000000       0x18 build/default/debug/chuong trinh chinh.o
 .pdr           0x00000000       0x40 build/default/debug/chuong trinh chinh.o
 .reginfo       0x00000000       0x18 build/default/debug/i2c.o
 .pdr           0x00000000      0x220 build/default/debug/i2c.o
 .reginfo       0x00000000       0x18 build/default/debug/delay.o
 .pdr           0x00000000       0x40 build/default/debug/delay.o
 .reginfo       0x00000000       0x18 build/default/debug/mpu6050.o
 .pdr           0x00000000       0xe0 build/default/debug/mpu6050.o
 .reginfo       0x00000000       0x18 c:/program files/microchip/mplab c32 suite/bin/../lib/gcc/pic32mx/4.5.1/../../../../pic32mx/lib\libc.a(general-exception.o)
 .pdr           0x00000000       0x20 c:/program files/microchip/mplab c32 suite/bin/../lib/gcc/pic32mx/4.5.1/../../../../pic32mx/lib\libc.a(general-exception.o)
 .reginfo       0x00000000       0x18 c:/program files/microchip/mplab c32 suite/bin/../lib/gcc/pic32mx/4.5.1/../../../../pic32mx/lib\libc.a(default-general-exception-handler.o)
 .pdr           0x00000000       0x20 c:/program files/microchip/mplab c32 suite/bin/../lib/gcc/pic32mx/4.5.1/../../../../pic32mx/lib\libc.a(default-general-exception-handler.o)
 .reginfo       0x00000000       0x18 c:/program files/microchip/mplab c32 suite/bin/../lib/gcc/pic32mx/4.5.1/../../../../pic32mx/lib\libc.a(default-bootstrap-exception-handler.o)
 .pdr           0x00000000       0x20 c:/program files/microchip/mplab c32 suite/bin/../lib/gcc/pic32mx/4.5.1/../../../../pic32mx/lib\libc.a(default-bootstrap-exception-handler.o)
 .reginfo       0x00000000       0x18 c:/program files/microchip/mplab c32 suite/bin/../lib/gcc/pic32mx/4.5.1/../../../../pic32mx/lib\libc.a(default-on-reset.o)
 .pdr           0x00000000       0x20 c:/program files/microchip/mplab c32 suite/bin/../lib/gcc/pic32mx/4.5.1/../../../../pic32mx/lib\libc.a(default-on-reset.o)
 .reginfo       0x00000000       0x18 c:/program files/microchip/mplab c32 suite/bin/../lib/gcc/pic32mx/4.5.1/../../../../pic32mx/lib\libc.a(default-on-bootstrap.o)
 .pdr           0x00000000       0x20 c:/program files/microchip/mplab c32 suite/bin/../lib/gcc/pic32mx/4.5.1/../../../../pic32mx/lib\libc.a(default-on-bootstrap.o)
 .reginfo       0x00000000       0x18 c:/program files/microchip/mplab c32 suite/bin/../lib/gcc/pic32mx/4.5.1/../../../../pic32mx/lib\libc.a(default-nmi-handler.o)
 .pdr           0x00000000       0x20 c:/program files/microchip/mplab c32 suite/bin/../lib/gcc/pic32mx/4.5.1/../../../../pic32mx/lib\libc.a(default-nmi-handler.o)
 .reginfo       0x00000000       0x18 c:/program files/microchip/mplab c32 suite/bin/../lib/gcc/pic32mx/4.5.1/../../../../pic32mx/lib\libm.a(fparc32.o)
 .pdr           0x00000000        0x0 c:/program files/microchip/mplab c32 suite/bin/../lib/gcc/pic32mx/4.5.1/../../../../pic32mx/lib\libm.a(fparc32.o)
 .reginfo       0x00000000       0x18 c:/program files/microchip/mplab c32 suite/bin/../lib/gcc/pic32mx/4.5.1/../../../../pic32mx/lib\libm.a(fpsqrt32.o)
 .pdr           0x00000000        0x0 c:/program files/microchip/mplab c32 suite/bin/../lib/gcc/pic32mx/4.5.1/../../../../pic32mx/lib\libm.a(fpsqrt32.o)
 .reginfo       0x00000000       0x18 c:/program files/microchip/mplab c32 suite/bin/../lib/gcc/pic32mx/4.5.1/../../../../pic32mx/lib\libm.a(w_sqrtf.o)
 .pdr           0x00000000       0x20 c:/program files/microchip/mplab c32 suite/bin/../lib/gcc/pic32mx/4.5.1/../../../../pic32mx/lib\libm.a(w_sqrtf.o)
 .reginfo       0x00000000       0x18 c:/program files/microchip/mplab c32 suite/bin/../lib/gcc/pic32mx/4.5.1/../../../../pic32mx/lib\libm.a(fp32.o)
 .pdr           0x00000000        0x0 c:/program files/microchip/mplab c32 suite/bin/../lib/gcc/pic32mx/4.5.1/../../../../pic32mx/lib\libm.a(fp32.o)
 .reginfo       0x00000000       0x18 c:/program files/microchip/mplab c32 suite/bin/../lib/gcc/pic32mx/4.5.1/../../../../pic32mx/lib\libm.a(s_lib_ver.o)
 .pdr           0x00000000        0x0 c:/program files/microchip/mplab c32 suite/bin/../lib/gcc/pic32mx/4.5.1/../../../../pic32mx/lib\libm.a(s_lib_ver.o)
 .reginfo       0x00000000       0x18 c:/program files/microchip/mplab c32 suite/bin/../lib/gcc/pic32mx/4.5.1/../../../../pic32mx/lib\libmchp_peripheral.a(read_core_timer_lib.o)
 .pdr           0x00000000       0x20 c:/program files/microchip/mplab c32 suite/bin/../lib/gcc/pic32mx/4.5.1/../../../../pic32mx/lib\libmchp_peripheral.a(read_core_timer_lib.o)
 .reginfo       0x00000000       0x18 c:/program files/microchip/mplab c32 suite/bin/../lib/gcc/pic32mx/4.5.1/../../../../pic32mx/lib\libc.a(errno.o)
 .pdr           0x00000000        0x0 c:/program files/microchip/mplab c32 suite/bin/../lib/gcc/pic32mx/4.5.1/../../../../pic32mx/lib\libc.a(errno.o)
 .reginfo       0x00000000       0x18 c:/program files/microchip/mplab c32 suite/bin/../lib/gcc/pic32mx/4.5.1/../../../../pic32mx/lib/./proc/32MX795F512L\processor.o
 .pdr           0x00000000        0x0 c:/program files/microchip/mplab c32 suite/bin/../lib/gcc/pic32mx/4.5.1/../../../../pic32mx/lib/./proc/32MX795F512L\processor.o

Memory Configuration

Name             Origin             Length             Attributes
kseg0_program_mem 0x9d000000         0x00080000         xr
kseg0_boot_mem   0x9fc00490         0x00000970
exception_mem    0x9fc01000         0x00001000
kseg1_boot_mem   0xbfc00000         0x00000490
debug_exec_mem   0xbfc02000         0x00000ff0
config3          0xbfc02ff0         0x00000004
config2          0xbfc02ff4         0x00000004
config1          0xbfc02ff8         0x00000004
config0          0xbfc02ffc         0x00000004
kseg1_data_mem   0xa0000000         0x00020000         w !x
sfrs             0xbf800000         0x00100000
configsfrs       0xbfc02ff0         0x00000010
*default*        0x00000000         0xffffffff

Linker script and memory map

LOAD c:/program files/microchip/mplab c32 suite/bin/../lib/gcc/pic32mx/4.5.1/../../../../pic32mx/lib/crt0.o
                0x00000001                _DEBUGGER = 0x1
LOAD build/default/debug/chuong trinh chinh.o
LOAD build/default/debug/i2c.o
LOAD build/default/debug/delay.o
LOAD build/default/debug/mpu6050.o
                0x00000001                __MPLAB_BUILD = 0x1
                0x00000001                __ICD2RAM = 0x1
                0x00000001                __MPLAB_DEBUG = 0x1
                0x00000001                __DEBUG = 0x1
                0x00000001                __MPLAB_DEBUGGER_PK3 = 0x1
LOAD c:/program files/microchip/mplab c32 suite/bin/../lib/gcc/pic32mx/4.5.1\libgcc.a
START GROUP
LOAD c:/program files/microchip/mplab c32 suite/bin/../lib/gcc/pic32mx/4.5.1/../../../../pic32mx/lib\libdebug.a
LOAD c:/program files/microchip/mplab c32 suite/bin/../lib/gcc/pic32mx/4.5.1/../../../../pic32mx/lib\libc.a
LOAD c:/program files/microchip/mplab c32 suite/bin/../lib/gcc/pic32mx/4.5.1/../../../../pic32mx/lib\libm.a
LOAD c:/program files/microchip/mplab c32 suite/bin/../lib/gcc/pic32mx/4.5.1/../../../../pic32mx/lib\libe.a
LOAD c:/program files/microchip/mplab c32 suite/bin/../lib/gcc/pic32mx/4.5.1/../../../../pic32mx/lib\libdsp.a
LOAD c:/program files/microchip/mplab c32 suite/bin/../lib/gcc/pic32mx/4.5.1/../../../../pic32mx/lib\libmchp_peripheral.a
LOAD c:/program files/microchip/mplab c32 suite/bin/../lib/gcc/pic32mx/4.5.1/../../../../pic32mx/lib\libmchp_peripheral_32MX795F512L.a
END GROUP
LOAD c:/program files/microchip/mplab c32 suite/bin/../lib/gcc/pic32mx/4.5.1\libgcc.a
                0x00000400                PROVIDE (_min_stack_size, 0x400)
                0x00000000                PROVIDE (_min_heap_size, 0x0)
LOAD c:/program files/microchip/mplab c32 suite/bin/../lib/gcc/pic32mx/4.5.1/../../../../pic32mx/lib/./proc/32MX795F512L\processor.o
                0x00000001                PROVIDE (_vector_spacing, 0x1)
                0x9fc01000                _ebase_address = 0x9fc01000
                0xbfc00000                _RESET_ADDR = 0xbfc00000
                0xbfc00380                _BEV_EXCPT_ADDR = 0xbfc00380
                0xbfc00480                _DBG_EXCPT_ADDR = 0xbfc00480
                0xbfc02000                _DBG_CODE_ADDR = 0xbfc02000
                0x00000ff0                _DBG_CODE_SIZE = 0xff0
                0x9fc01180                _GEN_EXCPT_ADDR = (_ebase_address + 0x180)

.config_BFC02FF0
 *(.config_BFC02FF0)

.config_BFC02FF4
                0xbfc02ff4        0x4
 *(.config_BFC02FF4)
 .config_BFC02FF4
                0xbfc02ff4        0x4 build/default/debug/chuong trinh chinh.o

.config_BFC02FF8
                0xbfc02ff8        0x4
 *(.config_BFC02FF8)
 .config_BFC02FF8
                0xbfc02ff8        0x4 build/default/debug/chuong trinh chinh.o

.config_BFC02FFC
                0xbfc02ffc        0x4
 *(.config_BFC02FFC)
 .config_BFC02FFC
                0xbfc02ffc        0x4 build/default/debug/chuong trinh chinh.o
                0xbfc02000                PROVIDE (_DBG_CODE_ADDR, 0xbfc02000)
                0x00000ff0                PROVIDE (_DBG_CODE_SIZE, 0xff0)

.reset          0xbfc00000      0x1f4
 *(.reset)
 .reset         0xbfc00000       0x10 c:/program files/microchip/mplab c32 suite/bin/../lib/gcc/pic32mx/4.5.1/../../../../pic32mx/lib/crt0.o
                0xbfc00000                _reset
 *(.reset.startup)
 .reset.startup
                0xbfc00010      0x1e4 c:/program files/microchip/mplab c32 suite/bin/../lib/gcc/pic32mx/4.5.1/../../../../pic32mx/lib/crt0.o

.bev_excpt      0xbfc00380       0x10
 *(.bev_handler)
 .bev_handler   0xbfc00380       0x10 c:/program files/microchip/mplab c32 suite/bin/../lib/gcc/pic32mx/4.5.1/../../../../pic32mx/lib/crt0.o

.dbg_excpt      0xbfc00480        0x8
                0xbfc00480                . = (. + DEFINED (_DEBUGGER)?0x8:0x0)
 *fill*         0xbfc00480        0x8 00

.dbg_code       0xbfc02000      0xff0
                0xbfc02000                . = (. + DEFINED (_DEBUGGER)?_DBG_CODE_SIZE:0x0)
 *fill*         0xbfc02000      0xff0 00

.app_excpt      0x9fc01180       0x10
 *(.gen_handler)
 .gen_handler   0x9fc01180       0x10 c:/program files/microchip/mplab c32 suite/bin/../lib/gcc/pic32mx/4.5.1/../../../../pic32mx/lib/crt0.o

.vector_0       0x9fc01200        0x0
 *(.vector_0)
                0x00000001                ASSERT (((_vector_spacing == 0x0) || (SIZEOF (.vector_0) <= (_vector_spacing << 0x5))), function at exception vector 0 too large)

.vector_1       0x9fc01220        0x0
 *(.vector_1)
                0x00000001                ASSERT (((_vector_spacing == 0x0) || (SIZEOF (.vector_1) <= (_vector_spacing << 0x5))), function at exception vector 1 too large)

.vector_2       0x9fc01240        0x0
 *(.vector_2)
                0x00000001                ASSERT (((_vector_spacing == 0x0) || (SIZEOF (.vector_2) <= (_vector_spacing << 0x5))), function at exception vector 2 too large)

.vector_3       0x9fc01260        0x0
 *(.vector_3)
                0x00000001                ASSERT (((_vector_spacing == 0x0) || (SIZEOF (.vector_3) <= (_vector_spacing << 0x5))), function at exception vector 3 too large)

.vector_4       0x9fc01280        0x0
 *(.vector_4)
                0x00000001                ASSERT (((_vector_spacing == 0x0) || (SIZEOF (.vector_4) <= (_vector_spacing << 0x5))), function at exception vector 4 too large)

.vector_5       0x9fc012a0        0x0
 *(.vector_5)
                0x00000001                ASSERT (((_vector_spacing == 0x0) || (SIZEOF (.vector_5) <= (_vector_spacing << 0x5))), function at exception vector 5 too large)

.vector_6       0x9fc012c0        0x0
 *(.vector_6)
                0x00000001                ASSERT (((_vector_spacing == 0x0) || (SIZEOF (.vector_6) <= (_vector_spacing << 0x5))), function at exception vector 6 too large)

.vector_7       0x9fc012e0        0x0
 *(.vector_7)
                0x00000001                ASSERT (((_vector_spacing == 0x0) || (SIZEOF (.vector_7) <= (_vector_spacing << 0x5))), function at exception vector 7 too large)

.vector_8       0x9fc01300        0x0
 *(.vector_8)
                0x00000001                ASSERT (((_vector_spacing == 0x0) || (SIZEOF (.vector_8) <= (_vector_spacing << 0x5))), function at exception vector 8 too large)

.vector_9       0x9fc01320        0x0
 *(.vector_9)
                0x00000001                ASSERT (((_vector_spacing == 0x0) || (SIZEOF (.vector_9) <= (_vector_spacing << 0x5))), function at exception vector 9 too large)

.vector_10      0x9fc01340        0x0
 *(.vector_10)
                0x00000001                ASSERT (((_vector_spacing == 0x0) || (SIZEOF (.vector_10) <= (_vector_spacing << 0x5))), function at exception vector 10 too large)

.vector_11      0x9fc01360        0x0
 *(.vector_11)
                0x00000001                ASSERT (((_vector_spacing == 0x0) || (SIZEOF (.vector_11) <= (_vector_spacing << 0x5))), function at exception vector 11 too large)

.vector_12      0x9fc01380        0x0
 *(.vector_12)
                0x00000001                ASSERT (((_vector_spacing == 0x0) || (SIZEOF (.vector_12) <= (_vector_spacing << 0x5))), function at exception vector 12 too large)

.vector_13      0x9fc013a0        0x0
 *(.vector_13)
                0x00000001                ASSERT (((_vector_spacing == 0x0) || (SIZEOF (.vector_13) <= (_vector_spacing << 0x5))), function at exception vector 13 too large)

.vector_14      0x9fc013c0        0x0
 *(.vector_14)
                0x00000001                ASSERT (((_vector_spacing == 0x0) || (SIZEOF (.vector_14) <= (_vector_spacing << 0x5))), function at exception vector 14 too large)

.vector_15      0x9fc013e0        0x0
 *(.vector_15)
                0x00000001                ASSERT (((_vector_spacing == 0x0) || (SIZEOF (.vector_15) <= (_vector_spacing << 0x5))), function at exception vector 15 too large)

.vector_16      0x9fc01400        0x0
 *(.vector_16)
                0x00000001                ASSERT (((_vector_spacing == 0x0) || (SIZEOF (.vector_16) <= (_vector_spacing << 0x5))), function at exception vector 16 too large)

.vector_17      0x9fc01420        0x0
 *(.vector_17)
                0x00000001                ASSERT (((_vector_spacing == 0x0) || (SIZEOF (.vector_17) <= (_vector_spacing << 0x5))), function at exception vector 17 too large)

.vector_18      0x9fc01440        0x0
 *(.vector_18)
                0x00000001                ASSERT (((_vector_spacing == 0x0) || (SIZEOF (.vector_18) <= (_vector_spacing << 0x5))), function at exception vector 18 too large)

.vector_19      0x9fc01460        0x0
 *(.vector_19)
                0x00000001                ASSERT (((_vector_spacing == 0x0) || (SIZEOF (.vector_19) <= (_vector_spacing << 0x5))), function at exception vector 19 too large)

.vector_20      0x9fc01480        0x0
 *(.vector_20)
                0x00000001                ASSERT (((_vector_spacing == 0x0) || (SIZEOF (.vector_20) <= (_vector_spacing << 0x5))), function at exception vector 20 too large)

.vector_21      0x9fc014a0        0x0
 *(.vector_21)
                0x00000001                ASSERT (((_vector_spacing == 0x0) || (SIZEOF (.vector_21) <= (_vector_spacing << 0x5))), function at exception vector 21 too large)

.vector_22      0x9fc014c0        0x0
 *(.vector_22)
                0x00000001                ASSERT (((_vector_spacing == 0x0) || (SIZEOF (.vector_22) <= (_vector_spacing << 0x5))), function at exception vector 22 too large)

.vector_23      0x9fc014e0        0x0
 *(.vector_23)
                0x00000001                ASSERT (((_vector_spacing == 0x0) || (SIZEOF (.vector_23) <= (_vector_spacing << 0x5))), function at exception vector 23 too large)

.vector_24      0x9fc01500        0x0
 *(.vector_24)
                0x00000001                ASSERT (((_vector_spacing == 0x0) || (SIZEOF (.vector_24) <= (_vector_spacing << 0x5))), function at exception vector 24 too large)

.vector_25      0x9fc01520        0x0
 *(.vector_25)
                0x00000001                ASSERT (((_vector_spacing == 0x0) || (SIZEOF (.vector_25) <= (_vector_spacing << 0x5))), function at exception vector 25 too large)

.vector_26      0x9fc01540        0x0
 *(.vector_26)
                0x00000001                ASSERT (((_vector_spacing == 0x0) || (SIZEOF (.vector_26) <= (_vector_spacing << 0x5))), function at exception vector 26 too large)

.vector_27      0x9fc01560        0x0
 *(.vector_27)
                0x00000001                ASSERT (((_vector_spacing == 0x0) || (SIZEOF (.vector_27) <= (_vector_spacing << 0x5))), function at exception vector 27 too large)

.vector_28      0x9fc01580        0x0
 *(.vector_28)
                0x00000001                ASSERT (((_vector_spacing == 0x0) || (SIZEOF (.vector_28) <= (_vector_spacing << 0x5))), function at exception vector 28 too large)

.vector_29      0x9fc015a0        0x0
 *(.vector_29)
                0x00000001                ASSERT (((_vector_spacing == 0x0) || (SIZEOF (.vector_29) <= (_vector_spacing << 0x5))), function at exception vector 29 too large)

.vector_30      0x9fc015c0        0x0
 *(.vector_30)
                0x00000001                ASSERT (((_vector_spacing == 0x0) || (SIZEOF (.vector_30) <= (_vector_spacing << 0x5))), function at exception vector 30 too large)

.vector_31      0x9fc015e0        0x0
 *(.vector_31)
                0x00000001                ASSERT (((_vector_spacing == 0x0) || (SIZEOF (.vector_31) <= (_vector_spacing << 0x5))), function at exception vector 31 too large)

.vector_32      0x9fc01600        0x0
 *(.vector_32)
                0x00000001                ASSERT (((_vector_spacing == 0x0) || (SIZEOF (.vector_32) <= (_vector_spacing << 0x5))), function at exception vector 32 too large)

.vector_33      0x9fc01620        0x0
 *(.vector_33)
                0x00000001                ASSERT (((_vector_spacing == 0x0) || (SIZEOF (.vector_33) <= (_vector_spacing << 0x5))), function at exception vector 33 too large)

.vector_34      0x9fc01640        0x0
 *(.vector_34)
                0x00000001                ASSERT (((_vector_spacing == 0x0) || (SIZEOF (.vector_34) <= (_vector_spacing << 0x5))), function at exception vector 34 too large)

.vector_35      0x9fc01660        0x0
 *(.vector_35)
                0x00000001                ASSERT (((_vector_spacing == 0x0) || (SIZEOF (.vector_35) <= (_vector_spacing << 0x5))), function at exception vector 35 too large)

.vector_36      0x9fc01680        0x0
 *(.vector_36)
                0x00000001                ASSERT (((_vector_spacing == 0x0) || (SIZEOF (.vector_36) <= (_vector_spacing << 0x5))), function at exception vector 36 too large)

.vector_37      0x9fc016a0        0x0
 *(.vector_37)
                0x00000001                ASSERT (((_vector_spacing == 0x0) || (SIZEOF (.vector_37) <= (_vector_spacing << 0x5))), function at exception vector 37 too large)

.vector_38      0x9fc016c0        0x0
 *(.vector_38)
                0x00000001                ASSERT (((_vector_spacing == 0x0) || (SIZEOF (.vector_38) <= (_vector_spacing << 0x5))), function at exception vector 38 too large)

.vector_39      0x9fc016e0        0x0
 *(.vector_39)
                0x00000001                ASSERT (((_vector_spacing == 0x0) || (SIZEOF (.vector_39) <= (_vector_spacing << 0x5))), function at exception vector 39 too large)

.vector_40      0x9fc01700        0x0
 *(.vector_40)
                0x00000001                ASSERT (((_vector_spacing == 0x0) || (SIZEOF (.vector_40) <= (_vector_spacing << 0x5))), function at exception vector 40 too large)

.vector_41      0x9fc01720        0x0
 *(.vector_41)
                0x00000001                ASSERT (((_vector_spacing == 0x0) || (SIZEOF (.vector_41) <= (_vector_spacing << 0x5))), function at exception vector 41 too large)

.vector_42      0x9fc01740        0x0
 *(.vector_42)
                0x00000001                ASSERT (((_vector_spacing == 0x0) || (SIZEOF (.vector_42) <= (_vector_spacing << 0x5))), function at exception vector 42 too large)

.vector_43      0x9fc01760        0x0
 *(.vector_43)
                0x00000001                ASSERT (((_vector_spacing == 0x0) || (SIZEOF (.vector_43) <= (_vector_spacing << 0x5))), function at exception vector 43 too large)

.vector_44      0x9fc01780        0x0
 *(.vector_44)
                0x00000001                ASSERT (((_vector_spacing == 0x0) || (SIZEOF (.vector_44) <= (_vector_spacing << 0x5))), function at exception vector 44 too large)

.vector_45      0x9fc017a0        0x0
 *(.vector_45)
                0x00000001                ASSERT (((_vector_spacing == 0x0) || (SIZEOF (.vector_45) <= (_vector_spacing << 0x5))), function at exception vector 45 too large)

.vector_46      0x9fc017c0        0x0
 *(.vector_46)
                0x00000001                ASSERT (((_vector_spacing == 0x0) || (SIZEOF (.vector_46) <= (_vector_spacing << 0x5))), function at exception vector 46 too large)

.vector_47      0x9fc017e0        0x0
 *(.vector_47)
                0x00000001                ASSERT (((_vector_spacing == 0x0) || (SIZEOF (.vector_47) <= (_vector_spacing << 0x5))), function at exception vector 47 too large)

.vector_48      0x9fc01800        0x0
 *(.vector_48)
                0x00000001                ASSERT (((_vector_spacing == 0x0) || (SIZEOF (.vector_48) <= (_vector_spacing << 0x5))), function at exception vector 48 too large)

.vector_49      0x9fc01820        0x0
 *(.vector_49)
                0x00000001                ASSERT (((_vector_spacing == 0x0) || (SIZEOF (.vector_49) <= (_vector_spacing << 0x5))), function at exception vector 49 too large)

.vector_50      0x9fc01840        0x0
 *(.vector_50)
                0x00000001                ASSERT (((_vector_spacing == 0x0) || (SIZEOF (.vector_50) <= (_vector_spacing << 0x5))), function at exception vector 50 too large)

.vector_51      0x9fc01860        0x0
 *(.vector_51)
                0x00000001                ASSERT (((_vector_spacing == 0x0) || (SIZEOF (.vector_51) <= (_vector_spacing << 0x5))), function at exception vector 51 too large)

.vector_52      0x9fc01880        0x0
 *(.vector_52)
                0x00000001                ASSERT (((_vector_spacing == 0x0) || (SIZEOF (.vector_52) <= (_vector_spacing << 0x5))), function at exception vector 52 too large)

.vector_53      0x9fc018a0        0x0
 *(.vector_53)
                0x00000001                ASSERT (((_vector_spacing == 0x0) || (SIZEOF (.vector_53) <= (_vector_spacing << 0x5))), function at exception vector 53 too large)

.vector_54      0x9fc018c0        0x0
 *(.vector_54)
                0x00000001                ASSERT (((_vector_spacing == 0x0) || (SIZEOF (.vector_54) <= (_vector_spacing << 0x5))), function at exception vector 54 too large)

.vector_55      0x9fc018e0        0x0
 *(.vector_55)
                0x00000001                ASSERT (((_vector_spacing == 0x0) || (SIZEOF (.vector_55) <= (_vector_spacing << 0x5))), function at exception vector 55 too large)

.vector_56      0x9fc01900        0x0
 *(.vector_56)
                0x00000001                ASSERT (((_vector_spacing == 0x0) || (SIZEOF (.vector_56) <= (_vector_spacing << 0x5))), function at exception vector 56 too large)

.vector_57      0x9fc01920        0x0
 *(.vector_57)
                0x00000001                ASSERT (((_vector_spacing == 0x0) || (SIZEOF (.vector_57) <= (_vector_spacing << 0x5))), function at exception vector 57 too large)

.vector_58      0x9fc01940        0x0
 *(.vector_58)
                0x00000001                ASSERT (((_vector_spacing == 0x0) || (SIZEOF (.vector_58) <= (_vector_spacing << 0x5))), function at exception vector 58 too large)

.vector_59      0x9fc01960        0x0
 *(.vector_59)
                0x00000001                ASSERT (((_vector_spacing == 0x0) || (SIZEOF (.vector_59) <= (_vector_spacing << 0x5))), function at exception vector 59 too large)

.vector_60      0x9fc01980        0x0
 *(.vector_60)
                0x00000001                ASSERT (((_vector_spacing == 0x0) || (SIZEOF (.vector_60) <= (_vector_spacing << 0x5))), function at exception vector 60 too large)

.vector_61      0x9fc019a0        0x0
 *(.vector_61)
                0x00000001                ASSERT (((_vector_spacing == 0x0) || (SIZEOF (.vector_61) <= (_vector_spacing << 0x5))), function at exception vector 61 too large)

.vector_62      0x9fc019c0        0x0
 *(.vector_62)
                0x00000001                ASSERT (((_vector_spacing == 0x0) || (SIZEOF (.vector_62) <= (_vector_spacing << 0x5))), function at exception vector 62 too large)

.vector_63      0x9fc019e0        0x0
 *(.vector_63)
                0x00000001                ASSERT (((_vector_spacing == 0x0) || (SIZEOF (.vector_63) <= (_vector_spacing << 0x5))), function at exception vector 63 too large)

.startup
 *(.startup)

.text
 *(.stub .gnu.linkonce.t.*)
 *(.text.*personality*)
 *(.mips16.fn.*)
 *(.mips16.call.*)
 *(.gnu.warning)

.rodata         0x9d000000        0x0
 *(.rodata.* .gnu.linkonce.r.*)
 *(.rodata1)
                0x9d000000                . = ALIGN (0x4)

.sdata2         0x9fc00490        0x0
 *(.sdata2 .sdata2.* .gnu.linkonce.s2.*)
                0x9fc00490                . = ALIGN (0x4)

.sbss2          0x9fc00490        0x0
 *(.sbss2 .sbss2.* .gnu.linkonce.sb2.*)
                0x9fc00490                . = ALIGN (0x4)

.eh_frame_hdr
 *(.eh_frame_hdr)

.eh_frame
 *(.eh_frame)

.dbg_data       0xa0000000      0x200
                0xa0000000                . = (. + DEFINED (_DEBUGGER)?0x200:0x0)
 *fill*         0xa0000000      0x200 00

.persist        0xa0000200        0x0
                0xa0000200                _persist_begin = .
 *(.persist .persist.*)
                0xa0000200                . = ALIGN (0x4)
                0xa0000200                _persist_end = .

.eh_frame
 *(.eh_frame)
                0xa0000200                . = .
                0xa00081f0                _gp = (ALIGN (0x10) + 0x7ff0)

.got
 *(.got.plt)
 *(.got)

.sdata          0xa0000200       0x2c
                0xa0000200                _sdata_begin = .
 *(.sdata .sdata.* .gnu.linkonce.s.*)
 .sdata         0xa0000200       0x2c build/default/debug/mpu6050.o
                0xa0000200                GYRO_XOUT_L
                0xa0000201                GYRO_XOUT_H
                0xa0000202                GYRO_YOUT_L
                0xa0000203                GYRO_YOUT_H
                0xa0000204                GYRO_ZOUT_L
                0xa0000205                GYRO_ZOUT_H
                0xa0000206                ACCEL_XOUT_L
                0xa0000207                ACCEL_XOUT_H
                0xa0000208                ACCEL_YOUT_L
                0xa0000209                ACCEL_YOUT_H
                0xa000020a                ACCEL_ZOUT_L
                0xa000020b                ACCEL_ZOUT_H
                0xa000020c                GYRO_XOUT_OFFSET
                0xa0000210                GYRO_YOUT_OFFSET
                0xa0000214                GYRO_ZOUT_OFFSET
                0xa0000218                KP
                0xa000021c                KI
                0xa0000220                KD
                0xa0000224                ZKP
                0xa0000228                ZKD
                0xa000022c                _sdata_end = .

.lit8
 *(.lit8)

.lit4
 *(.lit4)
                0xa000022c                . = ALIGN (0x4)
                0xa000022c                _data_end = .
                0xa000022c                _bss_begin = .

.sbss           0xa000022c       0xca
                0xa000022c                _sbss_begin = .
 *(.dynsbss)
 *(.sbss .sbss.* .gnu.linkonce.sb.*)
 .sbss          0xa000022c       0xc4 build/default/debug/mpu6050.o
                0xa000022c                ACCEL_XOUT
                0xa000022e                ACCEL_YOUT
                0xa0000230                ACCEL_ZOUT
                0xa0000234                GYRO_XRATE
                0xa0000238                GYRO_YRATE
                0xa000023c                GYRO_ZRATE
                0xa0000240                GYRO_XRATERAW
                0xa0000242                GYRO_YRATERAW
                0xa0000244                GYRO_ZRATERAW
                0xa0000248                GYRO_XOUT
                0xa000024c                GYRO_YOUT
                0xa0000250                GYRO_ZOUT
                0xa0000254                GYRO_XOUT_OFFSET_1000SUM
                0xa0000258                GYRO_YOUT_OFFSET_1000SUM
                0xa000025c                GYRO_ZOUT_OFFSET_1000SUM
                0xa0000260                GYRO_XANGLE
                0xa0000264                GYRO_YANGLE
                0xa0000268                GYRO_ZANGLE
                0xa000026c                GYRO_XANGLERAW
                0xa0000270                GYRO_YANGLERAW
                0xa0000274                GYRO_ZANGLERAW
                0xa0000278                ACCEL_XANGLE
                0xa000027c                ACCEL_YANGLE
                0xa0000280                ACCEL_ZANGLE
                0xa0000284                KALMAN_XANGLE
                0xa0000288                KALMAN_YANGLE
                0xa000028c                KALMAN_ZANGLE
                0xa0000290                COMPLEMENTARY_XANGLE
                0xa0000294                COMPLEMENTARY_YANGLE
                0xa0000298                TARGET_XANGLE
                0xa000029c                TARGET_YANGLE
                0xa00002a0                TARGET_ZRATE
                0xa00002a4                PID_XOUTPUT
                0xa00002a8                PID_YOUTPUT
                0xa00002ac                PID_ZOUTPUT
                0xa00002b0                XERROR
                0xa00002b4                YERROR
                0xa00002b8                ZERROR
                0xa00002bc                throttle
                0xa00002c0                OC1_output
                0xa00002c4                OC2_output
                0xa00002c8                OC3_output
                0xa00002cc                OC4_output
                0xa00002d0                count
                0xa00002d4                XINTEGRAL
                0xa00002d8                YINTEGRAL
                0xa00002dc                throttle_input
                0xa00002e0                yaw_input
                0xa00002e4                pitch_input
                0xa00002e8                roll_input
                0xa00002ec                temp_MPU
 .sbss          0xa00002f0        0x4 c:/program files/microchip/mplab c32 suite/bin/../lib/gcc/pic32mx/4.5.1/../../../../pic32mx/lib\libc.a(errno.o)
                0xa00002f0                errno
 *(.scommon)
 .scommon       0xa00002f4        0x2 build/default/debug/mpu6050.o
                0xa00002f4                rtemp_MPU
                0xa00002f6                _sbss_end = .

.bss            0xa00002f6        0x2
 *(.dynbss)
 *(COMMON)
                0xa00002f8                . = ALIGN (0x4)
 *fill*         0xa00002f6        0x2 00
                0xa00002f8                . = ALIGN (0x4)
                0xa00002f8                _end = .
                0xa00002f8                _bss_end = .
                0x00020000                _bmxdudba_address = 0x20000
                0x00020000                _bmxdupba_address = 0x20000

/DISCARD/
 *(.pdr)
 *(.reginfo)
 *(.rel.dyn)
 *(.note.GNU-stack)
 *(.note.GNU-stack)
 *(.gnu_debuglink)
 *(.gnu.lto_*)
 *(.discard)

.stab
 *(.stab)

.stabstr
 *(.stabstr)

.stab.excl
 *(.stab.excl)

.stab.exclstr
 *(.stab.exclstr)

.stab.index
 *(.stab.index)

.stab.indexstr
 *(.stab.indexstr)

.comment        0x00000000       0xa2
 *(.comment)
 .comment       0x00000000       0x51 build/default/debug/chuong trinh chinh.o
                                 0x52 (size before relaxing)
 .comment       0x00000000       0x52 build/default/debug/i2c.o
 .comment       0x00000000       0x52 build/default/debug/delay.o
 .comment       0x00000000       0x52 build/default/debug/mpu6050.o
 .comment       0x00000000       0x52 c:/program files/microchip/mplab c32 suite/bin/../lib/gcc/pic32mx/4.5.1/../../../../pic32mx/lib\libc.a(default-general-exception-handler.o)
 .comment       0x00000000       0x52 c:/program files/microchip/mplab c32 suite/bin/../lib/gcc/pic32mx/4.5.1/../../../../pic32mx/lib\libc.a(default-bootstrap-exception-handler.o)
 .comment       0x00000000       0x52 c:/program files/microchip/mplab c32 suite/bin/../lib/gcc/pic32mx/4.5.1/../../../../pic32mx/lib\libc.a(default-on-reset.o)
 .comment       0x00000000       0x52 c:/program files/microchip/mplab c32 suite/bin/../lib/gcc/pic32mx/4.5.1/../../../../pic32mx/lib\libc.a(default-on-bootstrap.o)
 .comment       0x00000000       0x52 c:/program files/microchip/mplab c32 suite/bin/../lib/gcc/pic32mx/4.5.1/../../../../pic32mx/lib\libm.a(w_sqrtf.o)
 .comment       0x00000000       0x52 c:/program files/microchip/mplab c32 suite/bin/../lib/gcc/pic32mx/4.5.1/../../../../pic32mx/lib\libm.a(s_lib_ver.o)
 .comment       0x00000051       0x51 c:/program files/microchip/mplab c32 suite/bin/../lib/gcc/pic32mx/4.5.1/../../../../pic32mx/lib\libmchp_peripheral.a(read_core_timer_lib.o)
                                 0x52 (size before relaxing)
 .comment       0x00000000       0x52 c:/program files/microchip/mplab c32 suite/bin/../lib/gcc/pic32mx/4.5.1/../../../../pic32mx/lib\libc.a(errno.o)

.debug
 *(.debug)

.line
 *(.line)

.debug_srcinfo
 *(.debug_srcinfo)

.debug_sfnames
 *(.debug_sfnames)

.debug_aranges  0x00000000      0x140
 *(.debug_aranges)
 .debug_aranges
                0x00000000       0x20 build/default/debug/chuong trinh chinh.o
 .debug_aranges
                0x00000020       0x20 build/default/debug/i2c.o
 .debug_aranges
                0x00000040       0x20 build/default/debug/delay.o
 .debug_aranges
                0x00000060       0x20 build/default/debug/mpu6050.o
 .debug_aranges
                0x00000080       0x20 c:/program files/microchip/mplab c32 suite/bin/../lib/gcc/pic32mx/4.5.1/../../../../pic32mx/lib\libc.a(default-general-exception-handler.o)
 .debug_aranges
                0x000000a0       0x20 c:/program files/microchip/mplab c32 suite/bin/../lib/gcc/pic32mx/4.5.1/../../../../pic32mx/lib\libc.a(default-bootstrap-exception-handler.o)
 .debug_aranges
                0x000000c0       0x20 c:/program files/microchip/mplab c32 suite/bin/../lib/gcc/pic32mx/4.5.1/../../../../pic32mx/lib\libc.a(default-on-reset.o)
 .debug_aranges
                0x000000e0       0x20 c:/program files/microchip/mplab c32 suite/bin/../lib/gcc/pic32mx/4.5.1/../../../../pic32mx/lib\libc.a(default-on-bootstrap.o)
 .debug_aranges
                0x00000100       0x20 c:/program files/microchip/mplab c32 suite/bin/../lib/gcc/pic32mx/4.5.1/../../../../pic32mx/lib\libm.a(w_sqrtf.o)
 .debug_aranges
                0x00000120       0x20 c:/program files/microchip/mplab c32 suite/bin/../lib/gcc/pic32mx/4.5.1/../../../../pic32mx/lib\libmchp_peripheral.a(read_core_timer_lib.o)

.debug_pubnames
                0x00000000      0x776
 *(.debug_pubnames)
 .debug_pubnames
                0x00000000       0x27 build/default/debug/chuong trinh chinh.o
 .debug_pubnames
                0x00000027      0x111 build/default/debug/i2c.o
 .debug_pubnames
                0x00000138       0x2d build/default/debug/delay.o
 .debug_pubnames
                0x00000165      0x529 build/default/debug/mpu6050.o
 .debug_pubnames
                0x0000068e       0x31 c:/program files/microchip/mplab c32 suite/bin/../lib/gcc/pic32mx/4.5.1/../../../../pic32mx/lib\libc.a(default-general-exception-handler.o)
 .debug_pubnames
                0x000006bf       0x33 c:/program files/microchip/mplab c32 suite/bin/../lib/gcc/pic32mx/4.5.1/../../../../pic32mx/lib\libc.a(default-bootstrap-exception-handler.o)
 .debug_pubnames
                0x000006f2       0x20 c:/program files/microchip/mplab c32 suite/bin/../lib/gcc/pic32mx/4.5.1/../../../../pic32mx/lib\libc.a(default-on-reset.o)
 .debug_pubnames
                0x00000712       0x24 c:/program files/microchip/mplab c32 suite/bin/../lib/gcc/pic32mx/4.5.1/../../../../pic32mx/lib\libc.a(default-on-bootstrap.o)
 .debug_pubnames
                0x00000736       0x1c c:/program files/microchip/mplab c32 suite/bin/../lib/gcc/pic32mx/4.5.1/../../../../pic32mx/lib\libm.a(w_sqrtf.o)
 .debug_pubnames
                0x00000752       0x24 c:/program files/microchip/mplab c32 suite/bin/../lib/gcc/pic32mx/4.5.1/../../../../pic32mx/lib\libmchp_peripheral.a(read_core_timer_lib.o)

.debug_info     0x00000000     0x5e47
 *(.debug_info .gnu.linkonce.wi.*)
 .debug_info    0x00000000     0x125f build/default/debug/chuong trinh chinh.o
 .debug_info    0x0000125f     0x1a30 build/default/debug/i2c.o
 .debug_info    0x00002c8f     0x11f4 build/default/debug/delay.o
 .debug_info    0x00003e83     0x1a61 build/default/debug/mpu6050.o
 .debug_info    0x000058e4      0x102 c:/program files/microchip/mplab c32 suite/bin/../lib/gcc/pic32mx/4.5.1/../../../../pic32mx/lib\libc.a(default-general-exception-handler.o)
 .debug_info    0x000059e6      0x106 c:/program files/microchip/mplab c32 suite/bin/../lib/gcc/pic32mx/4.5.1/../../../../pic32mx/lib\libc.a(default-bootstrap-exception-handler.o)
 .debug_info    0x00005aec       0xe0 c:/program files/microchip/mplab c32 suite/bin/../lib/gcc/pic32mx/4.5.1/../../../../pic32mx/lib\libc.a(default-on-reset.o)
 .debug_info    0x00005bcc       0xe8 c:/program files/microchip/mplab c32 suite/bin/../lib/gcc/pic32mx/4.5.1/../../../../pic32mx/lib\libc.a(default-on-bootstrap.o)
 .debug_info    0x00005cb4       0xd4 c:/program files/microchip/mplab c32 suite/bin/../lib/gcc/pic32mx/4.5.1/../../../../pic32mx/lib\libm.a(w_sqrtf.o)
 .debug_info    0x00005d88        0x0 c:/program files/microchip/mplab c32 suite/bin/../lib/gcc/pic32mx/4.5.1/../../../../pic32mx/lib\libm.a(s_lib_ver.o)
 .debug_info    0x00005d88       0xbf c:/program files/microchip/mplab c32 suite/bin/../lib/gcc/pic32mx/4.5.1/../../../../pic32mx/lib\libmchp_peripheral.a(read_core_timer_lib.o)
 .debug_info    0x00005e47        0x0 c:/program files/microchip/mplab c32 suite/bin/../lib/gcc/pic32mx/4.5.1/../../../../pic32mx/lib\libc.a(errno.o)

.debug_abbrev   0x00000000      0x8a3
 *(.debug_abbrev)
 .debug_abbrev  0x00000000      0x1e6 build/default/debug/chuong trinh chinh.o
 .debug_abbrev  0x000001e6      0x20f build/default/debug/i2c.o
 .debug_abbrev  0x000003f5      0x1b0 build/default/debug/delay.o
 .debug_abbrev  0x000005a5      0x21e build/default/debug/mpu6050.o
 .debug_abbrev  0x000007c3       0x25 c:/program files/microchip/mplab c32 suite/bin/../lib/gcc/pic32mx/4.5.1/../../../../pic32mx/lib\libc.a(default-general-exception-handler.o)
 .debug_abbrev  0x000007e8       0x25 c:/program files/microchip/mplab c32 suite/bin/../lib/gcc/pic32mx/4.5.1/../../../../pic32mx/lib\libc.a(default-bootstrap-exception-handler.o)
 .debug_abbrev  0x0000080d       0x25 c:/program files/microchip/mplab c32 suite/bin/../lib/gcc/pic32mx/4.5.1/../../../../pic32mx/lib\libc.a(default-on-reset.o)
 .debug_abbrev  0x00000832       0x25 c:/program files/microchip/mplab c32 suite/bin/../lib/gcc/pic32mx/4.5.1/../../../../pic32mx/lib\libc.a(default-on-bootstrap.o)
 .debug_abbrev  0x00000857       0x25 c:/program files/microchip/mplab c32 suite/bin/../lib/gcc/pic32mx/4.5.1/../../../../pic32mx/lib\libm.a(w_sqrtf.o)
 .debug_abbrev  0x0000087c        0x1 c:/program files/microchip/mplab c32 suite/bin/../lib/gcc/pic32mx/4.5.1/../../../../pic32mx/lib\libm.a(s_lib_ver.o)
 .debug_abbrev  0x0000087d       0x25 c:/program files/microchip/mplab c32 suite/bin/../lib/gcc/pic32mx/4.5.1/../../../../pic32mx/lib\libmchp_peripheral.a(read_core_timer_lib.o)
 .debug_abbrev  0x000008a2        0x1 c:/program files/microchip/mplab c32 suite/bin/../lib/gcc/pic32mx/4.5.1/../../../../pic32mx/lib\libc.a(errno.o)

.debug_line     0x00000000      0xc95
 *(.debug_line)
 .debug_line    0x00000000      0x1c9 build/default/debug/chuong trinh chinh.o
 .debug_line    0x000001c9      0x29b build/default/debug/i2c.o
 .debug_line    0x00000464      0x1b6 build/default/debug/delay.o
 .debug_line    0x0000061a      0x30e build/default/debug/mpu6050.o
 .debug_line    0x00000928       0xa4 c:/program files/microchip/mplab c32 suite/bin/../lib/gcc/pic32mx/4.5.1/../../../../pic32mx/lib\libc.a(default-general-exception-handler.o)
 .debug_line    0x000009cc       0xa6 c:/program files/microchip/mplab c32 suite/bin/../lib/gcc/pic32mx/4.5.1/../../../../pic32mx/lib\libc.a(default-bootstrap-exception-handler.o)
 .debug_line    0x00000a72       0x93 c:/program files/microchip/mplab c32 suite/bin/../lib/gcc/pic32mx/4.5.1/../../../../pic32mx/lib\libc.a(default-on-reset.o)
 .debug_line    0x00000b05       0x97 c:/program files/microchip/mplab c32 suite/bin/../lib/gcc/pic32mx/4.5.1/../../../../pic32mx/lib\libc.a(default-on-bootstrap.o)
 .debug_line    0x00000b9c       0x8b c:/program files/microchip/mplab c32 suite/bin/../lib/gcc/pic32mx/4.5.1/../../../../pic32mx/lib\libm.a(w_sqrtf.o)
 .debug_line    0x00000c27        0x0 c:/program files/microchip/mplab c32 suite/bin/../lib/gcc/pic32mx/4.5.1/../../../../pic32mx/lib\libm.a(s_lib_ver.o)
 .debug_line    0x00000c27       0x6e c:/program files/microchip/mplab c32 suite/bin/../lib/gcc/pic32mx/4.5.1/../../../../pic32mx/lib\libmchp_peripheral.a(read_core_timer_lib.o)
 .debug_line    0x00000c95        0x0 c:/program files/microchip/mplab c32 suite/bin/../lib/gcc/pic32mx/4.5.1/../../../../pic32mx/lib\libc.a(errno.o)

.debug_frame    0x00000000      0x3ec
 *(.debug_frame)
 .debug_frame   0x00000000       0x48 build/default/debug/chuong trinh chinh.o
 .debug_frame   0x00000048      0x1c4 build/default/debug/i2c.o
 .debug_frame   0x0000020c       0x40 build/default/debug/delay.o
 .debug_frame   0x0000024c       0xd8 build/default/debug/mpu6050.o
 .debug_frame   0x00000324       0x20 c:/program files/microchip/mplab c32 suite/bin/../lib/gcc/pic32mx/4.5.1/../../../../pic32mx/lib\libc.a(default-general-exception-handler.o)
 .debug_frame   0x00000344       0x20 c:/program files/microchip/mplab c32 suite/bin/../lib/gcc/pic32mx/4.5.1/../../../../pic32mx/lib\libc.a(default-bootstrap-exception-handler.o)
 .debug_frame   0x00000364       0x20 c:/program files/microchip/mplab c32 suite/bin/../lib/gcc/pic32mx/4.5.1/../../../../pic32mx/lib\libc.a(default-on-reset.o)
 .debug_frame   0x00000384       0x20 c:/program files/microchip/mplab c32 suite/bin/../lib/gcc/pic32mx/4.5.1/../../../../pic32mx/lib\libc.a(default-on-bootstrap.o)
 .debug_frame   0x000003a4       0x28 c:/program files/microchip/mplab c32 suite/bin/../lib/gcc/pic32mx/4.5.1/../../../../pic32mx/lib\libm.a(w_sqrtf.o)
 .debug_frame   0x000003cc       0x20 c:/program files/microchip/mplab c32 suite/bin/../lib/gcc/pic32mx/4.5.1/../../../../pic32mx/lib\libmchp_peripheral.a(read_core_timer_lib.o)

.debug_str      0x00000000      0x6a8
 *(.debug_str)
 .debug_str     0x00000000      0x12f build/default/debug/chuong trinh chinh.o
 .debug_str     0x0000012f      0x171 build/default/debug/i2c.o
 .debug_str     0x000002a0      0x12f build/default/debug/delay.o
 .debug_str     0x000003cf      0x2d9 build/default/debug/mpu6050.o
 .debug_str     0x000006a8        0x0 c:/program files/microchip/mplab c32 suite/bin/../lib/gcc/pic32mx/4.5.1/../../../../pic32mx/lib\libc.a(default-general-exception-handler.o)
 .debug_str     0x000006a8        0x0 c:/program files/microchip/mplab c32 suite/bin/../lib/gcc/pic32mx/4.5.1/../../../../pic32mx/lib\libc.a(default-bootstrap-exception-handler.o)
 .debug_str     0x000006a8        0x0 c:/program files/microchip/mplab c32 suite/bin/../lib/gcc/pic32mx/4.5.1/../../../../pic32mx/lib\libc.a(default-on-reset.o)
 .debug_str     0x000006a8        0x0 c:/program files/microchip/mplab c32 suite/bin/../lib/gcc/pic32mx/4.5.1/../../../../pic32mx/lib\libc.a(default-on-bootstrap.o)
 .debug_str     0x000006a8        0x0 c:/program files/microchip/mplab c32 suite/bin/../lib/gcc/pic32mx/4.5.1/../../../../pic32mx/lib\libm.a(w_sqrtf.o)
 .debug_str     0x000006a8        0x0 c:/program files/microchip/mplab c32 suite/bin/../lib/gcc/pic32mx/4.5.1/../../../../pic32mx/lib\libm.a(s_lib_ver.o)
 .debug_str     0x000006a8        0x0 c:/program files/microchip/mplab c32 suite/bin/../lib/gcc/pic32mx/4.5.1/../../../../pic32mx/lib\libmchp_peripheral.a(read_core_timer_lib.o)
 .debug_str     0x000006a8        0x0 c:/program files/microchip/mplab c32 suite/bin/../lib/gcc/pic32mx/4.5.1/../../../../pic32mx/lib\libc.a(errno.o)

.debug_loc      0x00000000      0x4d0
 *(.debug_loc)
 .debug_loc     0x00000000       0x58 build/default/debug/chuong trinh chinh.o
 .debug_loc     0x00000058      0x2ec build/default/debug/i2c.o
 .debug_loc     0x00000344       0x58 build/default/debug/delay.o
 .debug_loc     0x0000039c      0x134 build/default/debug/mpu6050.o

.debug_macinfo
 *(.debug_macinfo)

.debug_weaknames
 *(.debug_weaknames)

.debug_funcnames
 *(.debug_funcnames)

.debug_typenames
 *(.debug_typenames)

.debug_varnames
 *(.debug_varnames)

.debug_pubtypes
                0x00000000      0x3e5
 *(.debug_pubtypes)
 .debug_pubtypes
                0x00000000       0xe7 build/default/debug/chuong trinh chinh.o
 .debug_pubtypes
                0x000000e7      0x122 build/default/debug/i2c.o
 .debug_pubtypes
                0x00000209       0xe7 build/default/debug/delay.o
 .debug_pubtypes
                0x000002f0       0xf5 build/default/debug/mpu6050.o

.debug_ranges   0x00000000       0x60
 *(.debug_ranges)
 .debug_ranges  0x00000000       0x10 c:/program files/microchip/mplab c32 suite/bin/../lib/gcc/pic32mx/4.5.1/../../../../pic32mx/lib\libc.a(default-general-exception-handler.o)
 .debug_ranges  0x00000010       0x10 c:/program files/microchip/mplab c32 suite/bin/../lib/gcc/pic32mx/4.5.1/../../../../pic32mx/lib\libc.a(default-bootstrap-exception-handler.o)
 .debug_ranges  0x00000020       0x10 c:/program files/microchip/mplab c32 suite/bin/../lib/gcc/pic32mx/4.5.1/../../../../pic32mx/lib\libc.a(default-on-reset.o)
 .debug_ranges  0x00000030       0x10 c:/program files/microchip/mplab c32 suite/bin/../lib/gcc/pic32mx/4.5.1/../../../../pic32mx/lib\libc.a(default-on-bootstrap.o)
 .debug_ranges  0x00000040       0x10 c:/program files/microchip/mplab c32 suite/bin/../lib/gcc/pic32mx/4.5.1/../../../../pic32mx/lib\libm.a(w_sqrtf.o)
 .debug_ranges  0x00000050       0x10 c:/program files/microchip/mplab c32 suite/bin/../lib/gcc/pic32mx/4.5.1/../../../../pic32mx/lib\libmchp_peripheral.a(read_core_timer_lib.o)

.gnu.attributes
                0x00000000       0x10
 *(.gnu.attributes)
 .gnu.attributes
                0x00000000       0x10 build/default/debug/chuong trinh chinh.o
 .gnu.attributes
                0x00000010       0x10 build/default/debug/i2c.o
 .gnu.attributes
                0x00000020       0x10 build/default/debug/delay.o
 .gnu.attributes
                0x00000030       0x10 build/default/debug/mpu6050.o
 .gnu.attributes
                0x00000040       0x10 c:/program files/microchip/mplab c32 suite/bin/../lib/gcc/pic32mx/4.5.1/../../../../pic32mx/lib\libc.a(default-general-exception-handler.o)
 .gnu.attributes
                0x00000050       0x10 c:/program files/microchip/mplab c32 suite/bin/../lib/gcc/pic32mx/4.5.1/../../../../pic32mx/lib\libc.a(default-bootstrap-exception-handler.o)
 .gnu.attributes
                0x00000060       0x10 c:/program files/microchip/mplab c32 suite/bin/../lib/gcc/pic32mx/4.5.1/../../../../pic32mx/lib\libc.a(default-on-reset.o)
 .gnu.attributes
                0x00000070       0x10 c:/program files/microchip/mplab c32 suite/bin/../lib/gcc/pic32mx/4.5.1/../../../../pic32mx/lib\libc.a(default-on-bootstrap.o)
 .gnu.attributes
                0x00000080       0x10 c:/program files/microchip/mplab c32 suite/bin/../lib/gcc/pic32mx/4.5.1/../../../../pic32mx/lib\libm.a(w_sqrtf.o)
 .gnu.attributes
                0x00000090       0x10 c:/program files/microchip/mplab c32 suite/bin/../lib/gcc/pic32mx/4.5.1/../../../../pic32mx/lib\libm.a(s_lib_ver.o)
 .gnu.attributes
                0x000000a0       0x10 c:/program files/microchip/mplab c32 suite/bin/../lib/gcc/pic32mx/4.5.1/../../../../pic32mx/lib\libmchp_peripheral.a(read_core_timer_lib.o)
 .gnu.attributes
                0x000000b0       0x10 c:/program files/microchip/mplab c32 suite/bin/../lib/gcc/pic32mx/4.5.1/../../../../pic32mx/lib\libc.a(errno.o)
OUTPUT(dist/default/debug/test1.X.debug.elf elf32-tradlittlemips)
LOAD stack
LOAD data_init

.stack          0xa0000418      0x400
 .stack         0xa0000418      0x400 stack

.data           0xa00002f8      0x100
 .data          0xa00002f8      0x100 c:/program files/microchip/mplab c32 suite/bin/../lib/gcc/pic32mx/4.5.1/../../../../pic32mx/lib\libm.a(fparc32.o)

.data.math_errhandling_flag
                0xa00003f8        0x4
 .data.math_errhandling_flag
                0xa00003f8        0x4 c:/program files/microchip/mplab c32 suite/bin/../lib/gcc/pic32mx/4.5.1/../../../../pic32mx/lib\libm.a(s_lib_ver.o)
                0xa00003f8                math_errhandling

.bss%z1         0x00000000        0x0
 .bss           0x00000000        0x0 c:/program files/microchip/mplab c32 suite/bin/../lib/gcc/pic32mx/4.5.1/../../../../pic32mx/lib/./proc/32MX795F512L\processor.o

.data%z2        0x00000000        0x0
 .data          0x00000000        0x0 c:/program files/microchip/mplab c32 suite/bin/../lib/gcc/pic32mx/4.5.1/../../../../pic32mx/lib/./proc/32MX795F512L\processor.o

.mdebug.abi32%z3
                0x00000000        0x0
 .mdebug.abi32  0x00000000        0x0 c:/program files/microchip/mplab c32 suite/bin/../lib/gcc/pic32mx/4.5.1/../../../../pic32mx/lib\libc.a(errno.o)

.bss%z4         0x00000000        0x0
 .bss           0x00000000        0x0 c:/program files/microchip/mplab c32 suite/bin/../lib/gcc/pic32mx/4.5.1/../../../../pic32mx/lib\libc.a(errno.o)

.data%z5        0x00000000        0x0
 .data          0x00000000        0x0 c:/program files/microchip/mplab c32 suite/bin/../lib/gcc/pic32mx/4.5.1/../../../../pic32mx/lib\libc.a(errno.o)

.mdebug.abi32%z6
                0x00000000        0x0
 .mdebug.abi32  0x00000000        0x0 c:/program files/microchip/mplab c32 suite/bin/../lib/gcc/pic32mx/4.5.1/../../../../pic32mx/lib\libmchp_peripheral.a(read_core_timer_lib.o)

.bss%z7         0x00000000        0x0
 .bss           0x00000000        0x0 c:/program files/microchip/mplab c32 suite/bin/../lib/gcc/pic32mx/4.5.1/../../../../pic32mx/lib\libmchp_peripheral.a(read_core_timer_lib.o)

.data%z8        0x00000000        0x0
 .data          0x00000000        0x0 c:/program files/microchip/mplab c32 suite/bin/../lib/gcc/pic32mx/4.5.1/../../../../pic32mx/lib\libmchp_peripheral.a(read_core_timer_lib.o)

.mdebug.abi32%z9
                0x00000000        0x0
 .mdebug.abi32  0x00000000        0x0 c:/program files/microchip/mplab c32 suite/bin/../lib/gcc/pic32mx/4.5.1/../../../../pic32mx/lib\libm.a(s_lib_ver.o)

.bss%z10        0x00000000        0x0
 .bss           0x00000000        0x0 c:/program files/microchip/mplab c32 suite/bin/../lib/gcc/pic32mx/4.5.1/../../../../pic32mx/lib\libm.a(s_lib_ver.o)

.data%z11       0x00000000        0x0
 .data          0x00000000        0x0 c:/program files/microchip/mplab c32 suite/bin/../lib/gcc/pic32mx/4.5.1/../../../../pic32mx/lib\libm.a(s_lib_ver.o)

.bss%z12        0x00000000        0x0
 .bss           0x00000000        0x0 c:/program files/microchip/mplab c32 suite/bin/../lib/gcc/pic32mx/4.5.1/../../../../pic32mx/lib\libm.a(fp32.o)

.data%z13       0x00000000        0x0
 .data          0x00000000        0x0 c:/program files/microchip/mplab c32 suite/bin/../lib/gcc/pic32mx/4.5.1/../../../../pic32mx/lib\libm.a(fp32.o)

.mdebug.abi32%z14
                0x00000000        0x0
 .mdebug.abi32  0x00000000        0x0 c:/program files/microchip/mplab c32 suite/bin/../lib/gcc/pic32mx/4.5.1/../../../../pic32mx/lib\libm.a(w_sqrtf.o)

.bss%z15        0x00000000        0x0
 .bss           0x00000000        0x0 c:/program files/microchip/mplab c32 suite/bin/../lib/gcc/pic32mx/4.5.1/../../../../pic32mx/lib\libm.a(w_sqrtf.o)

.data%z16       0x00000000        0x0
 .data          0x00000000        0x0 c:/program files/microchip/mplab c32 suite/bin/../lib/gcc/pic32mx/4.5.1/../../../../pic32mx/lib\libm.a(w_sqrtf.o)

.bss%z17        0x00000000        0x0
 .bss           0x00000000        0x0 c:/program files/microchip/mplab c32 suite/bin/../lib/gcc/pic32mx/4.5.1/../../../../pic32mx/lib\libm.a(fpsqrt32.o)

.data%z18       0x00000000        0x0
 .data          0x00000000        0x0 c:/program files/microchip/mplab c32 suite/bin/../lib/gcc/pic32mx/4.5.1/../../../../pic32mx/lib\libm.a(fpsqrt32.o)

.bss%z19        0x00000000        0x0
 .bss           0x00000000        0x0 c:/program files/microchip/mplab c32 suite/bin/../lib/gcc/pic32mx/4.5.1/../../../../pic32mx/lib\libm.a(fparc32.o)

.bss%z20        0x00000000        0x0
 .bss           0x00000000        0x0 c:/program files/microchip/mplab c32 suite/bin/../lib/gcc/pic32mx/4.5.1/../../../../pic32mx/lib\libc.a(default-nmi-handler.o)

.data%z21       0x00000000        0x0
 .data          0x00000000        0x0 c:/program files/microchip/mplab c32 suite/bin/../lib/gcc/pic32mx/4.5.1/../../../../pic32mx/lib\libc.a(default-nmi-handler.o)

.mdebug.abi32%z22
                0x00000000        0x0
 .mdebug.abi32  0x00000000        0x0 c:/program files/microchip/mplab c32 suite/bin/../lib/gcc/pic32mx/4.5.1/../../../../pic32mx/lib\libc.a(default-on-bootstrap.o)

.bss%z23        0x00000000        0x0
 .bss           0x00000000        0x0 c:/program files/microchip/mplab c32 suite/bin/../lib/gcc/pic32mx/4.5.1/../../../../pic32mx/lib\libc.a(default-on-bootstrap.o)

.data%z24       0x00000000        0x0
 .data          0x00000000        0x0 c:/program files/microchip/mplab c32 suite/bin/../lib/gcc/pic32mx/4.5.1/../../../../pic32mx/lib\libc.a(default-on-bootstrap.o)

.mdebug.abi32%z25
                0x00000000        0x0
 .mdebug.abi32  0x00000000        0x0 c:/program files/microchip/mplab c32 suite/bin/../lib/gcc/pic32mx/4.5.1/../../../../pic32mx/lib\libc.a(default-on-reset.o)

.bss%z26        0x00000000        0x0
 .bss           0x00000000        0x0 c:/program files/microchip/mplab c32 suite/bin/../lib/gcc/pic32mx/4.5.1/../../../../pic32mx/lib\libc.a(default-on-reset.o)

.data%z27       0x00000000        0x0
 .data          0x00000000        0x0 c:/program files/microchip/mplab c32 suite/bin/../lib/gcc/pic32mx/4.5.1/../../../../pic32mx/lib\libc.a(default-on-reset.o)

.mdebug.abi32%z28
                0x00000000        0x0
 .mdebug.abi32  0x00000000        0x0 c:/program files/microchip/mplab c32 suite/bin/../lib/gcc/pic32mx/4.5.1/../../../../pic32mx/lib\libc.a(default-bootstrap-exception-handler.o)

.bss%z29        0x00000000        0x0
 .bss           0x00000000        0x0 c:/program files/microchip/mplab c32 suite/bin/../lib/gcc/pic32mx/4.5.1/../../../../pic32mx/lib\libc.a(default-bootstrap-exception-handler.o)

.data%z30       0x00000000        0x0
 .data          0x00000000        0x0 c:/program files/microchip/mplab c32 suite/bin/../lib/gcc/pic32mx/4.5.1/../../../../pic32mx/lib\libc.a(default-bootstrap-exception-handler.o)

.mdebug.abi32%z31
                0x00000000        0x0
 .mdebug.abi32  0x00000000        0x0 c:/program files/microchip/mplab c32 suite/bin/../lib/gcc/pic32mx/4.5.1/../../../../pic32mx/lib\libc.a(default-general-exception-handler.o)

.bss%z32        0x00000000        0x0
 .bss           0x00000000        0x0 c:/program files/microchip/mplab c32 suite/bin/../lib/gcc/pic32mx/4.5.1/../../../../pic32mx/lib\libc.a(default-general-exception-handler.o)

.data%z33       0x00000000        0x0
 .data          0x00000000        0x0 c:/program files/microchip/mplab c32 suite/bin/../lib/gcc/pic32mx/4.5.1/../../../../pic32mx/lib\libc.a(default-general-exception-handler.o)

.bss%z34        0x00000000        0x0
 .bss           0x00000000        0x0 c:/program files/microchip/mplab c32 suite/bin/../lib/gcc/pic32mx/4.5.1/../../../../pic32mx/lib\libc.a(general-exception.o)

.data%z35       0x00000000        0x0
 .data          0x00000000        0x0 c:/program files/microchip/mplab c32 suite/bin/../lib/gcc/pic32mx/4.5.1/../../../../pic32mx/lib\libc.a(general-exception.o)

.mdebug.abi32%z36
                0x00000000        0x0
 .mdebug.abi32  0x00000000        0x0 build/default/debug/mpu6050.o

.bss%z37        0x00000000        0x0
 .bss           0x00000000        0x0 build/default/debug/mpu6050.o

.data%z38       0x00000000        0x0
 .data          0x00000000        0x0 build/default/debug/mpu6050.o

.mdebug.abi32%z39
                0x00000000        0x0
 .mdebug.abi32  0x00000000        0x0 build/default/debug/delay.o

.bss%z40        0x00000000        0x0
 .bss           0x00000000        0x0 build/default/debug/delay.o

.data%z41       0x00000000        0x0
 .data          0x00000000        0x0 build/default/debug/delay.o

.mdebug.abi32%z42
                0x00000000        0x0
 .mdebug.abi32  0x00000000        0x0 build/default/debug/i2c.o

.bss%z43        0x00000000        0x0
 .bss           0x00000000        0x0 build/default/debug/i2c.o

.data%z44       0x00000000        0x0
 .data          0x00000000        0x0 build/default/debug/i2c.o

.mdebug.abi32%z45
                0x00000000        0x0
 .mdebug.abi32  0x00000000        0x0 build/default/debug/chuong trinh chinh.o

.bss%z46        0x00000000        0x0
 .bss           0x00000000        0x0 build/default/debug/chuong trinh chinh.o

.data%z47       0x00000000        0x0
 .data          0x00000000        0x0 build/default/debug/chuong trinh chinh.o

.bss%z48        0x00000000        0x0
 .bss           0x00000000        0x0 c:/program files/microchip/mplab c32 suite/bin/../lib/gcc/pic32mx/4.5.1/../../../../pic32mx/lib/crt0.o

.data%z49       0x00000000        0x0
 .data          0x00000000        0x0 c:/program files/microchip/mplab c32 suite/bin/../lib/gcc/pic32mx/4.5.1/../../../../pic32mx/lib/crt0.o

.text           0x9d000008     0x299c
 .text          0x9d000008      0xa44 build/default/debug/mpu6050.o
                0x9d000008                Setup_MPU6050
                0x9d000378                MPU6050_Test_I2C
                0x9d0003d8                Calibrate_Gyros
                0x9d000594                Get_Accel_Values
                0x9d0006ac                GetTemp
                0x9d000794                Get_Accel_Angles
                0x9d000928                Get_Gyro_Raw_Rates
 .text          0x9d000a4c      0xa08 c:/program files/microchip/mplab c32 suite/bin/../lib/gcc/pic32mx/4.5.1/../../../../pic32mx/lib\libm.a(fparc32.o)
                0x9d000a4c                fpexatan
                0x9d000d98                atanf
                0x9d000d98                fpatan
                0x9d000e34                __mchp_atan2f
                0x9d000e34                fpatan2
                0x9d001078                fpasin
                0x9d001078                __mchp_asinf
                0x9d001250                fpacos
                0x9d001250                __mchp_acosf
 .text          0x9d001454      0x9c4 build/default/debug/i2c.o
                0x9d001454                Setup_I2C
                0x9d0015c4                StartI2C
                0x9d001610                RestartI2C
                0x9d00165c                StopI2C
                0x9d0016a8                WriteI2C
                0x9d0016f4                IdleI2C
                0x9d00172c                ACKStatus
                0x9d00175c                NotAckI2C
                0x9d0017cc                AckI2C
                0x9d001828                getI2C
                0x9d00187c                getsI2C
                0x9d001930                EEAckPolling
                0x9d001a78                putstringI2C
                0x9d001b2c                LDByteWriteI2C
                0x9d001be0                LDByteReadI2C
                0x9d001cac                LDPageWriteI2C
                0x9d001d48                LDSequentialReadI2C
 .text          0x9d001e18      0x8ec c:/program files/microchip/mplab c32 suite/bin/../lib/gcc/pic32mx/4.5.1/../../../../pic32mx/lib\libm.a(fp32.o)
                0x9d001e18                __subsf3
                0x9d001e18                fpsub
                0x9d001e20                fpadd
                0x9d001e20                __addsf3
                0x9d00208c                fpmul
                0x9d00208c                __mulsf3
                0x9d002244                fpdiv
                0x9d002244                __divsf3
                0x9d002470                litofp
                0x9d002470                sitofp
                0x9d002470                __floatsisf
                0x9d0024cc                uitofp
                0x9d0024cc                ultofp
                0x9d002518                fptosi
                0x9d002518                fptoli
                0x9d002518                __fixsfsi
                0x9d002590                __fixunssfsi
                0x9d002590                fptoul
                0x9d002590                fptoui
                0x9d002604                __eqsf2
                0x9d002604                __nesf2
                0x9d002604                __lesf2
                0x9d002604                __ltsf2
                0x9d002604                fpcmp
                0x9d002604                __gtsf2
                0x9d002604                __gesf2
                0x9d002698                fpfabs
                0x9d002698                fabsf
                0x9d0026a8                __negsf2
                0x9d0026b8                fpnan
                0x9d0026b8                nanf
 .text          0x9d002704      0x2a0 c:/program files/microchip/mplab c32 suite/bin/../lib/gcc/pic32mx/4.5.1/../../../../pic32mx/lib\libm.a(fpsqrt32.o)
                0x9d002704                fpexsqrt
                0x9d0027fc                fpsqrt
                0x9d0027fc                __mchp_sqrtf

.dinit          0x9d0029a4      0x170
 .dinit         0x9d0029a4      0x170 data_init

.text           0x9d002b14      0x1b4
 .text          0x9d002b14       0xdc build/default/debug/delay.o
                0x9d002b14                delay_7us
                0x9d002b68                delay_ms
 .text          0x9d002bf0       0xd8 build/default/debug/chuong trinh chinh.o
                0x9d002bf0                DelayMs
                0x9d002c78                main

.text.general_exception
                0x9d002cc8       0xd0
 .text.general_exception
                0x9d002cc8       0xd0 c:/program files/microchip/mplab c32 suite/bin/../lib/gcc/pic32mx/4.5.1/../../../../pic32mx/lib\libc.a(general-exception.o)
                0x9d002cc8                _general_exception_context

.text.sqrtf     0x9d002d98       0x4c
 .text.sqrtf    0x9d002d98       0x4c c:/program files/microchip/mplab c32 suite/bin/../lib/gcc/pic32mx/4.5.1/../../../../pic32mx/lib\libm.a(w_sqrtf.o)
                0x9d002d98                sqrtf

.text           0x9d002de4       0x28
 .text          0x9d002de4       0x18 c:/program files/microchip/mplab c32 suite/bin/../lib/gcc/pic32mx/4.5.1/../../../../pic32mx/lib\libc.a(default-nmi-handler.o)
                0x9d002de4                _nmi_handler
 .text          0x9d002dfc       0x10 c:/program files/microchip/mplab c32 suite/bin/../lib/gcc/pic32mx/4.5.1/../../../../pic32mx/lib/crt0.o
                0x9d002e04                __crt0_exit

.text._general_exception_handler
                0x9d002e0c        0xc
 .text._general_exception_handler
                0x9d002e0c        0xc c:/program files/microchip/mplab c32 suite/bin/../lib/gcc/pic32mx/4.5.1/../../../../pic32mx/lib\libc.a(default-general-exception-handler.o)
                0x9d002e0c                _general_exception_handler

.text._bootstrap_exception_handler
                0x9d002e18        0xc
 .text._bootstrap_exception_handler
                0x9d002e18        0xc c:/program files/microchip/mplab c32 suite/bin/../lib/gcc/pic32mx/4.5.1/../../../../pic32mx/lib\libc.a(default-bootstrap-exception-handler.o)
                0x9d002e18                _bootstrap_exception_handler

.rodata         0x9d002e24        0x8
 .rodata        0x9d002e24        0x8 build/default/debug/mpu6050.o

.text._on_reset
                0x9d002e2c        0x8
 .text._on_reset
                0x9d002e2c        0x8 c:/program files/microchip/mplab c32 suite/bin/../lib/gcc/pic32mx/4.5.1/../../../../pic32mx/lib\libc.a(default-on-reset.o)
                0x9d002e2c                _on_reset

.text._on_bootstrap
                0x9d002e34        0x8
 .text._on_bootstrap
                0x9d002e34        0x8 c:/program files/microchip/mplab c32 suite/bin/../lib/gcc/pic32mx/4.5.1/../../../../pic32mx/lib\libc.a(default-on-bootstrap.o)
                0x9d002e34                _on_bootstrap

.text.ReadCoreTimer
                0x9d002e3c        0x8
 .text.ReadCoreTimer
                0x9d002e3c        0x8 c:/program files/microchip/mplab c32 suite/bin/../lib/gcc/pic32mx/4.5.1/../../../../pic32mx/lib\libmchp_peripheral.a(read_core_timer_lib.o)
                0x9d002e3c                ReadCoreTimer

.text%z50       0x00000000        0x0
 .text          0x00000000        0x0 c:/program files/microchip/mplab c32 suite/bin/../lib/gcc/pic32mx/4.5.1/../../../../pic32mx/lib/./proc/32MX795F512L\processor.o

.text%z51       0x00000000        0x0
 .text          0x00000000        0x0 c:/program files/microchip/mplab c32 suite/bin/../lib/gcc/pic32mx/4.5.1/../../../../pic32mx/lib\libc.a(errno.o)

.text%z52       0x00000000        0x0
 .text          0x00000000        0x0 c:/program files/microchip/mplab c32 suite/bin/../lib/gcc/pic32mx/4.5.1/../../../../pic32mx/lib\libmchp_peripheral.a(read_core_timer_lib.o)

.text%z53       0x00000000        0x0
 .text          0x00000000        0x0 c:/program files/microchip/mplab c32 suite/bin/../lib/gcc/pic32mx/4.5.1/../../../../pic32mx/lib\libm.a(s_lib_ver.o)

.text%z54       0x00000000        0x0
 .text          0x00000000        0x0 c:/program files/microchip/mplab c32 suite/bin/../lib/gcc/pic32mx/4.5.1/../../../../pic32mx/lib\libm.a(w_sqrtf.o)

.text%z55       0x00000000        0x0
 .text          0x00000000        0x0 c:/program files/microchip/mplab c32 suite/bin/../lib/gcc/pic32mx/4.5.1/../../../../pic32mx/lib\libc.a(default-on-bootstrap.o)

.text%z56       0x00000000        0x0
 .text          0x00000000        0x0 c:/program files/microchip/mplab c32 suite/bin/../lib/gcc/pic32mx/4.5.1/../../../../pic32mx/lib\libc.a(default-on-reset.o)

.text%z57       0x00000000        0x0
 .text          0x00000000        0x0 c:/program files/microchip/mplab c32 suite/bin/../lib/gcc/pic32mx/4.5.1/../../../../pic32mx/lib\libc.a(default-bootstrap-exception-handler.o)

.text%z58       0x00000000        0x0
 .text          0x00000000        0x0 c:/program files/microchip/mplab c32 suite/bin/../lib/gcc/pic32mx/4.5.1/../../../../pic32mx/lib\libc.a(default-general-exception-handler.o)

.text%z59       0x00000000        0x0
 .text          0x00000000        0x0 c:/program files/microchip/mplab c32 suite/bin/../lib/gcc/pic32mx/4.5.1/../../../../pic32mx/lib\libc.a(general-exception.o)
